[02:58:59] [Server thread/INFO]: Starting minecraft server version 1.8.8
[02:58:59] [Server thread/INFO]: Loading properties
[02:58:59] [Server thread/INFO]: Default game type: SURVIVAL
[02:58:59] [Server thread/INFO]: This server is running CraftBukkit version git-Spigot-21fe707-741a1bd (MC: 1.8.8) (Implementing API version 1.8.8-R0.1-SNAPSHOT)
[02:58:59] [Server thread/INFO]: Server Ping Player Sample Count: 12
[02:58:59] [Server thread/INFO]: Using 4 threads for Netty based IO
[02:58:59] [Server thread/INFO]: Debug logging is disabled
[02:58:59] [Server thread/INFO]: Generating keypair
[02:58:59] [Server thread/INFO]: Starting Minecraft server on *:25565
[02:58:59] [Server thread/INFO]: Using default channel type
[02:58:59] [Server thread/INFO]: Set PluginClassLoader as parallel capable
[02:58:59] [Server thread/INFO]: [PlaceholderAPI] Loading PlaceholderAPI v2.10.5
[02:58:59] [Server thread/INFO]: [ProtocolLib] Loading ProtocolLib v4.5.0
[02:58:59] [Server thread/INFO]: [0;32;1m[Core] Loading Core v0.1[m
[02:58:59] [Server thread/INFO]: [ProtocolLib] Enabling ProtocolLib v4.5.0
[02:58:59] [Server thread/INFO]: [ProtocolLib] Started structure compiler thread.
[02:58:59] [Server thread/INFO]: **** Beginning UUID conversion, this may take A LONG time ****
[02:58:59] [Server thread/INFO]: Preparing level "world"
[02:58:59] [Server thread/INFO]: -------- World Settings For [world] --------
[02:58:59] [Server thread/INFO]: Item Despawn Rate: 6000
[02:58:59] [Server thread/INFO]: Item Merge Radius: 2.5
[02:58:59] [Server thread/INFO]: Allow Zombie Pigmen to spawn from portal blocks: true
[02:58:59] [Server thread/INFO]: Arrow Despawn Rate: 1200
[02:58:59] [Server thread/INFO]: Chunks to Grow per Tick: 650
[02:58:59] [Server thread/INFO]: Clear tick list: false
[02:58:59] [Server thread/INFO]: Experience Merge Radius: 3.0
[02:58:59] [Server thread/INFO]: Zombie Aggressive Towards Villager: true
[02:58:59] [Server thread/INFO]: View Distance: 10
[02:58:59] [Server thread/INFO]: Custom Map Seeds:  Village: 10387312 Feature: 14357617
[02:58:59] [Server thread/INFO]: Max Entity Collisions: 8
[02:58:59] [Server thread/INFO]: Cactus Growth Modifier: 100%
[02:58:59] [Server thread/INFO]: Cane Growth Modifier: 100%
[02:58:59] [Server thread/INFO]: Melon Growth Modifier: 100%
[02:58:59] [Server thread/INFO]: Mushroom Growth Modifier: 100%
[02:58:59] [Server thread/INFO]: Pumpkin Growth Modifier: 100%
[02:58:59] [Server thread/INFO]: Sapling Growth Modifier: 100%
[02:58:59] [Server thread/INFO]: Wheat Growth Modifier: 100%
[02:58:59] [Server thread/INFO]: NetherWart Growth Modifier: 100%
[02:58:59] [Server thread/INFO]: Nerfing mobs spawned from spawners: false
[02:58:59] [Server thread/INFO]: Mob Spawn Range: 4
[02:58:59] [Server thread/INFO]: Anti X-Ray: true
[02:58:59] [Server thread/INFO]: 	Engine Mode: 1
[02:58:59] [Server thread/INFO]: 	Hidden Blocks: [14, 15, 16, 21, 48, 49, 54, 56, 73, 74, 82, 129, 130]
[02:58:59] [Server thread/INFO]: 	Replace Blocks: [1, 5]
[02:58:59] [Server thread/INFO]: Random Lighting Updates: false
[02:58:59] [Server thread/INFO]: Max TNT Explosions: 100
[02:58:59] [Server thread/INFO]: Hopper Transfer: 8 Hopper Check: 8 Hopper Amount: 1
[02:58:59] [Server thread/INFO]: Structure Info Saving: true
[02:58:59] [Server thread/INFO]: Entity Tracking Range: Pl 48 / An 48 / Mo 48 / Mi 32 / Other 64
[02:58:59] [Server thread/INFO]: Entity Activation Range: An 32 / Mo 32 / Mi 16
[02:58:59] [Server thread/INFO]: Tile Max Tick Time: 50ms Entity max Tick Time: 50ms
[02:58:59] [Server thread/INFO]: Sending up to 10 chunks per packet
[02:59:00] [Server thread/INFO]: -------- World Settings For [world_nether] --------
[02:59:00] [Server thread/INFO]: Item Despawn Rate: 6000
[02:59:00] [Server thread/INFO]: Item Merge Radius: 2.5
[02:59:00] [Server thread/INFO]: Allow Zombie Pigmen to spawn from portal blocks: true
[02:59:00] [Server thread/INFO]: Arrow Despawn Rate: 1200
[02:59:00] [Server thread/INFO]: Chunks to Grow per Tick: 650
[02:59:00] [Server thread/INFO]: Clear tick list: false
[02:59:00] [Server thread/INFO]: Experience Merge Radius: 3.0
[02:59:00] [Server thread/INFO]: Zombie Aggressive Towards Villager: true
[02:59:00] [Server thread/INFO]: View Distance: 10
[02:59:00] [Server thread/INFO]: Custom Map Seeds:  Village: 10387312 Feature: 14357617
[02:59:00] [Server thread/INFO]: Max Entity Collisions: 8
[02:59:00] [Server thread/INFO]: Cactus Growth Modifier: 100%
[02:59:00] [Server thread/INFO]: Cane Growth Modifier: 100%
[02:59:00] [Server thread/INFO]: Melon Growth Modifier: 100%
[02:59:00] [Server thread/INFO]: Mushroom Growth Modifier: 100%
[02:59:00] [Server thread/INFO]: Pumpkin Growth Modifier: 100%
[02:59:00] [Server thread/INFO]: Sapling Growth Modifier: 100%
[02:59:00] [Server thread/INFO]: Wheat Growth Modifier: 100%
[02:59:00] [Server thread/INFO]: NetherWart Growth Modifier: 100%
[02:59:00] [Server thread/INFO]: Nerfing mobs spawned from spawners: false
[02:59:00] [Server thread/INFO]: Mob Spawn Range: 4
[02:59:00] [Server thread/INFO]: Anti X-Ray: true
[02:59:00] [Server thread/INFO]: 	Engine Mode: 1
[02:59:00] [Server thread/INFO]: 	Hidden Blocks: [14, 15, 16, 21, 48, 49, 54, 56, 73, 74, 82, 129, 130]
[02:59:00] [Server thread/INFO]: 	Replace Blocks: [1, 5]
[02:59:00] [Server thread/INFO]: Random Lighting Updates: false
[02:59:00] [Server thread/INFO]: Max TNT Explosions: 100
[02:59:00] [Server thread/INFO]: Hopper Transfer: 8 Hopper Check: 8 Hopper Amount: 1
[02:59:00] [Server thread/INFO]: Structure Info Saving: true
[02:59:00] [Server thread/INFO]: Entity Tracking Range: Pl 48 / An 48 / Mo 48 / Mi 32 / Other 64
[02:59:00] [Server thread/INFO]: Entity Activation Range: An 32 / Mo 32 / Mi 16
[02:59:00] [Server thread/INFO]: Tile Max Tick Time: 50ms Entity max Tick Time: 50ms
[02:59:00] [Server thread/INFO]: Sending up to 10 chunks per packet
[02:59:00] [Server thread/INFO]: -------- World Settings For [world_the_end] --------
[02:59:00] [Server thread/INFO]: Item Despawn Rate: 6000
[02:59:00] [Server thread/INFO]: Item Merge Radius: 2.5
[02:59:00] [Server thread/INFO]: Allow Zombie Pigmen to spawn from portal blocks: true
[02:59:00] [Server thread/INFO]: Arrow Despawn Rate: 1200
[02:59:00] [Server thread/INFO]: Chunks to Grow per Tick: 650
[02:59:00] [Server thread/INFO]: Clear tick list: false
[02:59:00] [Server thread/INFO]: Experience Merge Radius: 3.0
[02:59:00] [Server thread/INFO]: Zombie Aggressive Towards Villager: true
[02:59:00] [Server thread/INFO]: View Distance: 10
[02:59:00] [Server thread/INFO]: Custom Map Seeds:  Village: 10387312 Feature: 14357617
[02:59:00] [Server thread/INFO]: Max Entity Collisions: 8
[02:59:00] [Server thread/INFO]: Cactus Growth Modifier: 100%
[02:59:00] [Server thread/INFO]: Cane Growth Modifier: 100%
[02:59:00] [Server thread/INFO]: Melon Growth Modifier: 100%
[02:59:00] [Server thread/INFO]: Mushroom Growth Modifier: 100%
[02:59:00] [Server thread/INFO]: Pumpkin Growth Modifier: 100%
[02:59:00] [Server thread/INFO]: Sapling Growth Modifier: 100%
[02:59:00] [Server thread/INFO]: Wheat Growth Modifier: 100%
[02:59:00] [Server thread/INFO]: NetherWart Growth Modifier: 100%
[02:59:00] [Server thread/INFO]: Nerfing mobs spawned from spawners: false
[02:59:00] [Server thread/INFO]: Mob Spawn Range: 4
[02:59:00] [Server thread/INFO]: Anti X-Ray: true
[02:59:00] [Server thread/INFO]: 	Engine Mode: 1
[02:59:00] [Server thread/INFO]: 	Hidden Blocks: [14, 15, 16, 21, 48, 49, 54, 56, 73, 74, 82, 129, 130]
[02:59:00] [Server thread/INFO]: 	Replace Blocks: [1, 5]
[02:59:00] [Server thread/INFO]: Random Lighting Updates: false
[02:59:00] [Server thread/INFO]: Max TNT Explosions: 100
[02:59:00] [Server thread/INFO]: Hopper Transfer: 8 Hopper Check: 8 Hopper Amount: 1
[02:59:00] [Server thread/INFO]: Structure Info Saving: true
[02:59:00] [Server thread/INFO]: Entity Tracking Range: Pl 48 / An 48 / Mo 48 / Mi 32 / Other 64
[02:59:00] [Server thread/INFO]: Entity Activation Range: An 32 / Mo 32 / Mi 16
[02:59:00] [Server thread/INFO]: Tile Max Tick Time: 50ms Entity max Tick Time: 50ms
[02:59:00] [Server thread/INFO]: Sending up to 10 chunks per packet
[02:59:00] [Server thread/INFO]: Preparing start region for level 0 (Seed: 7699544325176255604)
[02:59:00] [Server thread/INFO]: Preparing start region for level 1 (Seed: 7699544325176255604)
[02:59:00] [Server thread/INFO]: Preparing start region for level 2 (Seed: 7699544325176255604)
[02:59:00] [Server thread/INFO]: [PlaceholderAPI] Enabling PlaceholderAPI v2.10.5
[02:59:00] [Server thread/INFO]: [PlaceholderAPI] Fetching available expansion information...
[02:59:00] [Server thread/INFO]: [0;32;1m[Core] Enabling Core v0.1[m
[02:59:00] [Server thread/INFO]: [0;32;1m[Core] Conectado ao MySQL![m
[02:59:01] [Server thread/INFO]: [0;32;1m[Core] O plugin foi ativado.[m
[02:59:01] [Server thread/INFO]: Server permissions file permissions.yml is empty, ignoring it
[02:59:01] [Server thread/INFO]: Done (1,248s)! For help, type "help" or "?"
[02:59:01] [Server thread/INFO]: [0;32;1m[Core] UPDATER: Procurando updates...[m
[02:59:01] [Server thread/INFO]: [0;31;1m[Core] UPDATER: Nao foi possivel buscar updates.[m
[02:59:01] [Server thread/INFO]: [PlaceholderAPI] Placeholder expansion registration initializing...
[02:59:01] [Craft Scheduler Thread - 1/INFO]: [PlaceholderAPI] 153 placeholder expansions are available on the cloud.
[02:59:01] [Server thread/INFO]: [PlaceholderAPI] An update for PlaceholderAPI (v2.11.6) is available at:
[02:59:01] [Server thread/INFO]: [PlaceholderAPI] https://www.spigotmc.org/resources/placeholderapi.6245/
[02:59:02] [User Authenticator #1/INFO]: UUID of player hxwu is afad6cf0-5354-4df3-ae32-fe2b90e70234
[02:59:02] [Server thread/INFO]: hxwu[/127.0.0.1:51933] logged in with entity id 246 at ([world]-347.74168757448984, 71.0, 370.4703182021505)
[02:59:09] [Server thread/INFO]: hxwu issued server command: /deop
[02:59:10] [Server thread/INFO]: hxwu issued server command: /deop hxwu
[02:59:10] [Server thread/INFO]: [hxwu: De-opped hxwu]
[02:59:12] [Server thread/INFO]: hxwu issued server command: /fake
